[INFO] Scanning for projects...
[INFO] 
[INFO] ------------------< com.taskscheduler:TaskScheduler >-------------------
[INFO] Building TaskScheduler 1.0-SNAPSHOT
[INFO]   from pom.xml
[INFO] --------------------------------[ jar ]---------------------------------
[WARNING] 6 problems were encountered while building the effective model for org.openjfx:javafx-controls:jar:21.0.2 during dependency collection step for project (use -X to see details)
[INFO] 
[INFO] --- clean:3.2.0:clean (default-clean) @ TaskScheduler ---
[INFO] Deleting D:\2-2 Project\TaskScheduler\target
[INFO] 
[INFO] --- resources:3.4.0:resources (default-resources) @ TaskScheduler ---
[INFO] Copying 6 resources from src\main\resources to target\classes
[INFO] 
[INFO] --- compiler:3.12.1:compile (default-compile) @ TaskScheduler ---
[INFO] Recompiling the module because of changed source code.
[INFO] Compiling 26 source files with javac [debug release 26 module-path] to target\classes
[INFO] 
[INFO] --- resources:3.4.0:testResources (default-testResources) @ TaskScheduler ---
[INFO] skip non existing resourceDirectory D:\2-2 Project\TaskScheduler\src\test\resources
[INFO] 
[INFO] --- compiler:3.12.1:testCompile (default-testCompile) @ TaskScheduler ---
[INFO] Recompiling the module because of changed dependency.
[INFO] 
[INFO] --- surefire:3.5.4:test (default-test) @ TaskScheduler ---
[INFO] Tests are skipped.
[INFO] 
[INFO] --- jar:3.5.0:jar (default-jar) @ TaskScheduler ---
[INFO] Building jar: D:\2-2 Project\TaskScheduler\target\TaskScheduler-1.0-SNAPSHOT.jar
[INFO] 
[INFO] --- jpackage:1.6.0:jpackage (package-exe) @ TaskScheduler ---
[INFO] Using: C:\Program Files\Java\jdk-26.0.2.1\bin\jpackage.exe, major version: 26
[INFO] jpackage options:
[INFO]   --name Task Scheduler
[INFO]   --dest D:\2-2 Project\TaskScheduler\target\dist
[INFO]   --type exe
[INFO]   --app-version 1.0.0
[INFO]   --vendor TaskScheduler
[INFO]   --module com.taskscheduler/com.taskscheduler.MainApp
[INFO]   --icon D:\2-2 Project\TaskScheduler\src\main\resources\com\taskscheduler\3652191.ico
[INFO]   --add-modules javafx.controls,javafx.fxml,javafx.graphics,javafx.base,java.sql,java.net.http,java.desktop
[INFO]   --java-options -Dfile.encoding=UTF-8
[INFO]   --win-dir-chooser
[INFO]   --win-menu
[INFO]   --win-per-user-install
[INFO]   --win-shortcut
[INFO] ------------------------------------------------------------------------
[INFO] BUILD FAILURE
[INFO] ------------------------------------------------------------------------
[INFO] Total time:  14.114 s
[INFO] Finished at: 2026-09-27T22:14:37+06:00
[INFO] ------------------------------------------------------------------------
[ERROR] Failed to execute goal org.panteleyev:jpackage-maven-plugin:1.6.0:jpackage (package-exe) on project TaskScheduler: 
[ERROR] Exit code: 1 - Can not find WiX tools. Was looking for WiX v3 light.exe and candle.exe or WiX v4/v5 wix.exe and none was found
[ERROR] Advice to fix: Download WiX 3.0 or later from https://wixtoolset.org and add it to the PATH.
[ERROR] Missing argument: --runtime-image or --module-path
[ERROR] 
[ERROR] Command line was: cmd.exe /X /C ""C:\Program Files\Java\jdk-26.0.2.1\bin\jpackage.exe" --name "Task Scheduler" --dest "D:\2-2 Project\TaskScheduler\target\dist" --type exe --app-version 1.0.0 --vendor TaskScheduler --module com.taskscheduler/com.taskscheduler.MainApp --icon "D:\2-2 Project\TaskScheduler\src\main\resources\com\taskscheduler\3652191.ico" --add-modules javafx.controls,javafx.fxml,javafx.graphics,javafx.base,java.sql,java.net.http,java.desktop --java-options -Dfile.encoding=UTF-8 --win-dir-chooser --win-menu --win-per-user-install --win-shortcut"
[ERROR] 
[ERROR] 
[ERROR] -> [Help 1]
[ERROR] 
[ERROR] To see the full stack trace of the errors, re-run Maven with the -e switch.
[ERROR] Re-run Maven using the -X switch to enable full debug logging.
[ERROR] 
[ERROR] For more information about the errors and possible solutions, please read the following articles:
[ERROR] [Help 1] http://cwiki.apache.org/confluence/display/MAVEN/MojoExecutionException
